[     108ms] [ERROR] Failed to load resource: the server responded with a status of 500 (Internal Server Error) @ http://localhost:3000/:0
[     293ms] [INFO] %cDownload the React DevTools for a better development experience: https://react.dev/link/react-devtools font-weight:bold @ http://localhost:3000/_next/static/chunks/12ng_next_dist_1tpfw9s._.js:776
[     336ms] [LOG] [HMR] connected @ http://localhost:3000/_next/static/chunks/12ng_next_dist_1tpfw9s._.js:776
[    1156ms] Error: Attempted to call parseLang() from the server but parseLang is on the client. It's not possible to invoke a client function from the server, it can only be rendered as a Component or passed to props of a Client Component.
    at RootLayout (about://React/Server/file:///Users/manumartinez/Projects/manumartinez-dev/.next/dev/server/chunks/ssr/%5Broot-of-the-server%5D__0e_7age._.js?0:186:171)
    at resolveErrorDev (http://localhost:3000/_next/static/chunks/12ng_next_dist_compiled_react-server-dom-turbopack_035rrka._.js:1937:105)
    at processFullStringRow (http://localhost:3000/_next/static/chunks/12ng_next_dist_compiled_react-server-dom-turbopack_035rrka._.js:2456:29)
    at processFullBinaryRow (http://localhost:3000/_next/static/chunks/12ng_next_dist_compiled_react-server-dom-turbopack_035rrka._.js:2415:9)
    at processBinaryChunk (http://localhost:3000/_next/static/chunks/12ng_next_dist_compiled_react-server-dom-turbopack_035rrka._.js:2524:221)
    at progress (http://localhost:3000/_next/static/chunks/12ng_next_dist_compiled_react-server-dom-turbopack_035rrka._.js:2711:13)
[    1234ms] [ERROR] Failed to load resource: the server responded with a status of 404 (Not Found) @ http://localhost:3000/favicon.ico:0
[   26221ms] [LOG] [Fast Refresh] rebuilding @ http://localhost:3000/_next/static/chunks/12ng_next_dist_1tpfw9s._.js:776
[   26543ms] [LOG] [Fast Refresh] done in 394ms @ http://localhost:3000/_next/static/chunks/12ng_next_dist_1tpfw9s._.js:776
[   26675ms] [LOG] [Fast Refresh] done in 394ms @ http://localhost:3000/_next/static/chunks/12ng_next_dist_1tpfw9s._.js:776
[   27207ms] [INFO] %cDownload the React DevTools for a better development experience: https://react.dev/link/react-devtools font-weight:bold @ http://localhost:3000/_next/static/chunks/12ng_next_dist_1tpfw9s._.js:776
[   27262ms] [LOG] [HMR] connected @ http://localhost:3000/_next/static/chunks/12ng_next_dist_1tpfw9s._.js:776
[   27625ms] [LOG] %c[Vercel Web Analytics]%c Debug mode is enabled by default in development. No requests will be sent to the server. color: rgb(120, 120, 120) color: inherit @ http://localhost:3000/_next/static/chunks/12ng_next_dist_1tpfw9s._.js:776
[   27626ms] [LOG] %c[Vercel Web Analytics]%c Running queued event color: rgb(120, 120, 120) color: inherit pageview {route: /, path: /} @ http://localhost:3000/_next/static/chunks/12ng_next_dist_1tpfw9s._.js:776
[   27626ms] [LOG] %c[Vercel Web Analytics]%c Running queued event color: rgb(120, 120, 120) color: inherit pageview {route: /, path: /} @ http://localhost:3000/_next/static/chunks/12ng_next_dist_1tpfw9s._.js:776
[   27626ms] [LOG] %c[Vercel Web Analytics]%c [view] http://localhost:3000/ color: rgb(120, 120, 120) color: inherit {o: http://localhost:3000/, sv: 0.1.3, sdkn: @vercel/analytics/next, sdkv: 2.0.1, ts: 1788987045410} /_vercel/insights/view @ http://localhost:3000/_next/static/chunks/12ng_next_dist_1tpfw9s._.js:776
[   27626ms] [LOG] %c[Vercel Web Analytics]%c [view] http://localhost:3000/ color: rgb(120, 120, 120) color: inherit {o: http://localhost:3000/, sv: 0.1.3, sdkn: @vercel/analytics/next, sdkv: 2.0.1, ts: 1788987045411} /_vercel/insights/view @ http://localhost:3000/_next/static/chunks/12ng_next_dist_1tpfw9s._.js:776
[   27894ms] [LOG] [Fast Refresh] rebuilding @ http://localhost:3000/_next/static/chunks/12ng_next_dist_1tpfw9s._.js:776
[   28810ms] [LOG] [Fast Refresh] done in 1018ms @ http://localhost:3000/_next/static/chunks/12ng_next_dist_1tpfw9s._.js:776
